[root]
type=Root
clock=1000000000000
max_tick=0
progress_interval=0
output_file=cout

[system.physmem]
type=PhysicalMemory
file=
range=[0,134217727]
latency=1

[system]
type=System
physmem=system.physmem
mem_mode=atomic

[system.membus]
type=Bus
bus_id=0
clock=1000
width=64
responder_set=false

[system.cpu.workload]
type=LiveProcess
cmd=hello
executable=tests/test-progs/hello/bin/alpha/tru64/hello
input=cin
output=cout
env=
system=system
uid=100
euid=100
gid=100
egid=100
pid=100
ppid=99

[system.cpu]
type=TimingSimpleCPU
max_insts_any_thread=0
max_insts_all_threads=0
max_loads_any_thread=0
max_loads_all_threads=0
progress_interval=0
system=system
cpu_id=0
workload=system.cpu.workload
clock=1
defer_registration=false
// width not specified
function_trace=false
function_trace_start=0
// simulate_stalls not specified

[system.cpu.toL2Bus]
type=Bus
bus_id=0
clock=1000
width=64
responder_set=false

[system.cpu.icache]
type=BaseCache
size=131072
assoc=2
block_size=64
latency=1
mshrs=10
tgts_per_mshr=5
write_buffers=8
prioritizeRequests=false
protocol=null
trace_addr=0
hash_delay=1
repl=null
compressed_bus=false
store_compressed=false
adaptive_compression=false
compression_latency=0
block_size=64
max_miss_count=0
addr_range=[0,18446744073709551615]
split=false
split_size=0
lifo=false
two_queue=false
prefetch_miss=false
prefetch_access=false
prefetcher_size=100
prefetch_past_page=false
prefetch_serial_squash=false
prefetch_latency=10
prefetch_degree=1
prefetch_policy=none
prefetch_cache_check_push=true
prefetch_use_cpu_id=true
prefetch_data_accesses_only=false
hit_latency=1

[system.cpu.dcache]
type=BaseCache
size=262144
assoc=2
block_size=64
latency=1
mshrs=10
tgts_per_mshr=5
write_buffers=8
prioritizeRequests=false
protocol=null
trace_addr=0
hash_delay=1
repl=null
compressed_bus=false
store_compressed=false
adaptive_compression=false
compression_latency=0
block_size=64
max_miss_count=0
addr_range=[0,18446744073709551615]
split=false
split_size=0
lifo=false
two_queue=false
prefetch_miss=false
prefetch_access=false
prefetcher_size=100
prefetch_past_page=false
prefetch_serial_squash=false
prefetch_latency=10
prefetch_degree=1
prefetch_policy=none
prefetch_cache_check_push=true
prefetch_use_cpu_id=true
prefetch_data_accesses_only=false
hit_latency=1

[system.cpu.l2cache]
type=BaseCache
size=2097152
assoc=2
block_size=64
latency=1
mshrs=10
tgts_per_mshr=5
write_buffers=8
prioritizeRequests=false
protocol=null
trace_addr=0
hash_delay=1
repl=null
compressed_bus=false
store_compressed=false
adaptive_compression=false
compression_latency=0
block_size=64
max_miss_count=0
addr_range=[0,18446744073709551615]
split=false
split_size=0
lifo=false
two_queue=false
prefetch_miss=false
prefetch_access=false
prefetcher_size=100
prefetch_past_page=false
prefetch_serial_squash=false
prefetch_latency=10
prefetch_degree=1
prefetch_policy=none
prefetch_cache_check_push=true
prefetch_use_cpu_id=true
prefetch_data_accesses_only=false
hit_latency=1

[trace]
flags=
start=0
cycle=0
bufsize=0
file=cout
dump_on_exit=false
ignore=

[stats]
descriptions=true
project_name=test
simulation_name=test
simulation_sample=0
text_file=m5stats.txt
text_compat=true
mysql_db=
mysql_user=
mysql_password=
mysql_host=
events_start=-1
dump_reset=false
dump_cycle=0
dump_period=0
ignore_events=

[random]
seed=1

[exetrace]
speculative=true
print_cycle=true
print_opclass=true
print_thread=true
print_effaddr=true
print_data=true
print_iregs=false
print_fetchseq=false
print_cpseq=false
print_reg_delta=false
pc_symbol=true
intel_format=false
trace_system=client

[debug]
break_cycles=

[statsreset]
reset_cycle=0

