[root]
type=Root
dummy=0

[system.physmem]
type=PhysicalMemory
file=
range=[0,134217727]
latency=1
zero=false

[system]
type=System
physmem=system.physmem
mem_mode=atomic

[system.membus]
type=Bus
bus_id=0
clock=1000
width=64
responder_set=false

[system.cpu.workload]
type=LiveProcess
cmd=twolf smred
executable=/dist/m5/cpu2000/binaries/sparc/linux/twolf
input=cin
output=cout
env=
cwd=build/SPARC_SE/tests/fast/long/70.twolf/sparc/linux/simple-timing
system=system
uid=100
euid=100
gid=100
egid=100
pid=100
ppid=99

[system.cpu]
type=TimingSimpleCPU
max_insts_any_thread=0
max_insts_all_threads=0
max_loads_any_thread=0
max_loads_all_threads=0
progress_interval=0
system=system
cpu_id=0
workload=system.cpu.workload
clock=1
phase=0
defer_registration=false
// width not specified
function_trace=false
function_trace_start=0
// simulate_stalls not specified

[system.cpu.toL2Bus]
type=Bus
bus_id=0
clock=1000
width=64
responder_set=false

[system.cpu.icache]
type=BaseCache
size=131072
assoc=2
block_size=64
latency=1
mshrs=10
tgts_per_mshr=5
write_buffers=8
prioritizeRequests=false
protocol=null
trace_addr=0
hash_delay=1
repl=null
compressed_bus=false
store_compressed=false
adaptive_compression=false
compression_latency=0
block_size=64
max_miss_count=0
addr_range=[0,18446744073709551615]
split=false
split_size=0
lifo=false
two_queue=false
prefetch_miss=false
prefetch_access=false
prefetcher_size=100
prefetch_past_page=false
prefetch_serial_squash=false
prefetch_latency=10
prefetch_degree=1
prefetch_policy=none
prefetch_cache_check_push=true
prefetch_use_cpu_id=true
prefetch_data_accesses_only=false
hit_latency=1

[system.cpu.dcache]
type=BaseCache
size=262144
assoc=2
block_size=64
latency=1
mshrs=10
tgts_per_mshr=5
write_buffers=8
prioritizeRequests=false
protocol=null
trace_addr=0
hash_delay=1
repl=null
compressed_bus=false
store_compressed=false
adaptive_compression=false
compression_latency=0
block_size=64
max_miss_count=0
addr_range=[0,18446744073709551615]
split=false
split_size=0
lifo=false
two_queue=false
prefetch_miss=false
prefetch_access=false
prefetcher_size=100
prefetch_past_page=false
prefetch_serial_squash=false
prefetch_latency=10
prefetch_degree=1
prefetch_policy=none
prefetch_cache_check_push=true
prefetch_use_cpu_id=true
prefetch_data_accesses_only=false
hit_latency=1

[system.cpu.l2cache]
type=BaseCache
size=2097152
assoc=2
block_size=64
latency=1
mshrs=10
tgts_per_mshr=5
write_buffers=8
prioritizeRequests=false
protocol=null
trace_addr=0
hash_delay=1
repl=null
compressed_bus=false
store_compressed=false
adaptive_compression=false
compression_latency=0
block_size=64
max_miss_count=0
addr_range=[0,18446744073709551615]
split=false
split_size=0
lifo=false
two_queue=false
prefetch_miss=false
prefetch_access=false
prefetcher_size=100
prefetch_past_page=false
prefetch_serial_squash=false
prefetch_latency=10
prefetch_degree=1
prefetch_policy=none
prefetch_cache_check_push=true
prefetch_use_cpu_id=true
prefetch_data_accesses_only=false
hit_latency=1

