[root]
type=Root
clock=2000000000
max_tick=0
progress_interval=0
output_file=cout

[system.physmem]
type=PhysicalMemory
file=
range=[0,134217727]
latency=1

[system]
type=LinuxAlphaSystem
boot_cpu_frequency=1
physmem=system.physmem
mem_mode=atomic
kernel=/dist/m5/system/binaries/vmlinux
console=/dist/m5/system/binaries/console
pal=/dist/m5/system/binaries/ts_osfpal
boot_osflags=root=/dev/hda1 console=ttyS0
readfile=tests/halt.sh
init_param=0
system_type=34
system_rev=1024

[system.membus]
type=Bus
bus_id=1

[system.bridge]
type=Bridge
queue_size_a=16
queue_size_b=16
delay=0
write_ack=false

[system.disk0.image.child]
type=RawDiskImage
image_file=/dist/m5/system/disks/linux-latest.img
read_only=true

[system.disk0.image]
type=CowDiskImage
child=system.disk0.image.child
image_file=
table_size=65536
read_only=false

[system.disk0]
type=IdeDisk
image=system.disk0.image
driveID=master
delay=2000

[system.disk2.image.child]
type=RawDiskImage
image_file=/dist/m5/system/disks/linux-bigswap2.img
read_only=true

[system.disk2.image]
type=CowDiskImage
child=system.disk2.image.child
image_file=
table_size=65536
read_only=false

[system.disk2]
type=IdeDisk
image=system.disk2.image
driveID=master
delay=2000

[system.cpu.itb]
type=AlphaITB
size=48

[system.cpu.dtb]
type=AlphaDTB
size=64

[system.cpu]
type=AtomicSimpleCPU
max_insts_any_thread=0
max_insts_all_threads=0
max_loads_any_thread=0
max_loads_all_threads=0
mem=system.physmem
system=system
itb=system.cpu.itb
dtb=system.cpu.dtb
cpu_id=-1
profile=0
clock=1
defer_registration=false
width=1
function_trace=false
function_trace_start=0
simulate_stalls=false

[system.intrctrl]
type=IntrControl
cpu=system.cpu

[system.simple_disk.disk]
type=RawDiskImage
image_file=/dist/m5/system/disks/linux-latest.img
read_only=true

[system.simple_disk]
type=SimpleDisk
system=system
disk=system.simple_disk.disk

[system.tsunami]
type=Tsunami
system=system
intrctrl=system.intrctrl

[system.tsunami.fake_uart1]
type=IsaFake
pio_addr=8804615848696
pio_latency=2
pio_size=8
platform=system.tsunami
system=system

[system.tsunami.fake_uart2]
type=IsaFake
pio_addr=8804615848936
pio_latency=2
pio_size=8
platform=system.tsunami
system=system

[system.tsunami.fake_uart3]
type=IsaFake
pio_addr=8804615848680
pio_latency=2
pio_size=8
platform=system.tsunami
system=system

[system.tsunami.fake_uart4]
type=IsaFake
pio_addr=8804615848944
pio_latency=2
pio_size=8
platform=system.tsunami
system=system

[system.tsunami.fake_ppc]
type=IsaFake
pio_addr=8804615848892
pio_latency=2
pio_size=8
platform=system.tsunami
system=system

[system.tsunami.cchip]
type=TsunamiCChip
pio_addr=8803072344064
pio_latency=2
platform=system.tsunami
system=system
tsunami=system.tsunami

[system.tsunami.io]
type=TsunamiIO
pio_addr=8804615847936
pio_latency=2
frequency=1953125
platform=system.tsunami
system=system
time=1136073600
tsunami=system.tsunami

[]
type=PciConfigAll
pio_latency=1
bus=0
size=16777216
platform=system.tsunami
system=system

[system.sim_console.listener]
type=ConsoleListener
port=3456

[system.sim_console]
type=SimConsole
listener=system.sim_console.listener
intr_control=system.intrctrl
output=console
append_name=true
number=0

[system.tsunami.console]
type=AlphaConsole
sim_console=system.sim_console
disk=system.simple_disk
pio_addr=8804682956800
system=system
cpu=system.cpu
platform=system.tsunami
pio_latency=2

[system.tsunami.fake_ata1]
type=IsaFake
pio_addr=8804615848304
pio_latency=2
pio_size=8
platform=system.tsunami
system=system

[system.tsunami.fake_ata0]
type=IsaFake
pio_addr=8804615848432
pio_latency=2
pio_size=8
platform=system.tsunami
system=system

[system.tsunami.pchip]
type=TsunamiPChip
pio_addr=8802535473152
pio_latency=2
platform=system.tsunami
system=system
tsunami=system.tsunami

[system.tsunami.fake_pnp_read3]
type=IsaFake
pio_addr=8804615848643
pio_latency=2
pio_size=8
platform=system.tsunami
system=system

[system.tsunami.fake_pnp_read2]
type=IsaFake
pio_addr=8804615848579
pio_latency=2
pio_size=8
platform=system.tsunami
system=system

[system.tsunami.fake_pnp_read1]
type=IsaFake
pio_addr=8804615848515
pio_latency=2
pio_size=8
platform=system.tsunami
system=system

[system.tsunami.fake_pnp_read0]
type=IsaFake
pio_addr=8804615848451
pio_latency=2
pio_size=8
platform=system.tsunami
system=system

[system.tsunami.fake_pnp_read7]
type=IsaFake
pio_addr=8804615848899
pio_latency=2
pio_size=8
platform=system.tsunami
system=system

[system.tsunami.fake_pnp_read6]
type=IsaFake
pio_addr=8804615848835
pio_latency=2
pio_size=8
platform=system.tsunami
system=system

[system.tsunami.fake_pnp_read5]
type=IsaFake
pio_addr=8804615848771
pio_latency=2
pio_size=8
platform=system.tsunami
system=system

[system.tsunami.fake_pnp_read4]
type=IsaFake
pio_addr=8804615848707
pio_latency=2
pio_size=8
platform=system.tsunami
system=system

[system.tsunami.fake_pnp_write]
type=IsaFake
pio_addr=8804615850617
pio_latency=2
pio_size=8
platform=system.tsunami
system=system

[system.tsunami.fb]
type=BadDevice
devicename=FrameBuffer
pio_addr=8804615848912
system=system
platform=system.tsunami
pio_latency=2

[system.tsunami.ethernet.configdata]
type=PciConfigData
VendorID=4107
DeviceID=34
Command=0
Status=656
Revision=0
ProgIF=0
SubClassCode=0
ClassCode=2
CacheLineSize=0
LatencyTimer=0
HeaderType=0
BIST=0
BAR0=1
BAR1=0
BAR2=0
BAR3=0
BAR4=0
BAR5=0
CardbusCIS=0
SubsystemVendorID=0
SubsystemID=0
ExpansionROM=0
InterruptLine=30
InterruptPin=1
MinimumGrant=176
MaximumLatency=52
BAR0Size=256
BAR1Size=4096
BAR2Size=0
BAR3Size=0
BAR4Size=0
BAR5Size=0

[system.tsunami.ethernet]
type=NSGigE
system=system
platform=system.tsunami
configdata=system.tsunami.ethernet.configdata
pci_bus=0
pci_dev=1
pci_func=0
pio_latency=2
config_latency=40
clock=0
dma_desc_free=false
dma_data_free=false
dma_read_delay=0
dma_write_delay=0
dma_read_factor=0
dma_write_factor=0
dma_no_allocate=true
intr_delay=20000
rx_delay=2000
tx_delay=2000
rx_fifo_size=524288
tx_fifo_size=524288
rx_filter=true
hardware_address=00:90:00:00:00:01
rx_thread=false
tx_thread=false
rss=false

[system.tsunami.etherint]
type=NSGigEInt
peer=null
device=system.tsunami.ethernet

[system.tsunami.fake_OROM]
type=IsaFake
pio_addr=8796093677568
pio_latency=2
pio_size=393216
platform=system.tsunami
system=system

[system.tsunami.uart]
type=Uart8250
pio_addr=8804615848952
pio_latency=2
platform=system.tsunami
sim_console=system.sim_console
system=system

[system.tsunami.fake_sm_chip]
type=IsaFake
pio_addr=8804615848816
pio_latency=2
pio_size=8
platform=system.tsunami
system=system

[system.tsunami.fake_pnp_addr]
type=IsaFake
pio_addr=8804615848569
pio_latency=2
pio_size=8
platform=system.tsunami
system=system

[system.tsunami.ide.configdata]
type=PciConfigData
VendorID=32902
DeviceID=28945
Command=0
Status=640
Revision=0
ProgIF=133
SubClassCode=1
ClassCode=1
CacheLineSize=0
LatencyTimer=0
HeaderType=0
BIST=0
BAR0=1
BAR1=1
BAR2=1
BAR3=1
BAR4=1
BAR5=1
CardbusCIS=0
SubsystemVendorID=0
SubsystemID=0
ExpansionROM=0
InterruptLine=31
InterruptPin=1
MinimumGrant=0
MaximumLatency=0
BAR0Size=8
BAR1Size=4
BAR2Size=8
BAR3Size=4
BAR4Size=16
BAR5Size=0

[system.tsunami.ide]
type=IdeController
system=system
platform=system.tsunami
configdata=system.tsunami.ide.configdata
pci_bus=0
pci_dev=0
pci_func=0
pio_latency=2
config_latency=40
disks=system.disk0 system.disk2

[system.iobus]
type=Bus
bus_id=0

[trace]
flags=
start=0
bufsize=0
file=cout
dump_on_exit=false
ignore=

[stats]
descriptions=true
project_name=test
simulation_name=test
simulation_sample=0
text_file=m5stats.txt
text_compat=true
mysql_db=
mysql_user=
mysql_password=
mysql_host=
events_start=-1
dump_reset=false
dump_cycle=0
dump_period=0
ignore_events=

[random]
seed=1

[exetrace]
speculative=true
print_cycle=true
print_opclass=true
print_thread=true
print_effaddr=true
print_data=true
print_iregs=false
print_fetchseq=false
print_cpseq=false
print_reg_delta=false
pc_symbol=true
intel_format=false
trace_system=client

[debug]
break_cycles=

[pseudo_inst]
quiesce=true
statistics=true
checkpoint=true

