[root]
type=Root
dummy=0

[testsys.physmem]
type=PhysicalMemory
file=
range=[0,134217727]
latency=1
zero=false

[testsys]
type=LinuxAlphaSystem
boot_cpu_frequency=1
physmem=testsys.physmem
mem_mode=atomic
kernel=/dist/m5/system/binaries/vmlinux
console=/dist/m5/system/binaries/console
pal=/dist/m5/system/binaries/ts_osfpal
boot_osflags=root=/dev/hda1 console=ttyS0
readfile=/tmp/newmem/configs/boot/netperf-stream-client.rcS
symbolfile=
init_param=0
system_type=34
system_rev=1024

[testsys.membus]
type=Bus
bus_id=1
clock=1000
width=64
responder_set=false
block_size=64

[testsys.intrctrl]
type=IntrControl
sys=testsys

[testsys.tsunami]
type=Tsunami
system=testsys
intrctrl=testsys.intrctrl

[testsys.membus.responder]
type=IsaFake
pio_addr=0
pio_latency=1
pio_size=8
ret_bad_addr=true
update_data=false
warn_access=
ret_data8=255
ret_data16=65535
ret_data32=4294967295
ret_data64=18446744073709551615
platform=testsys.tsunami
system=testsys

[testsys.bridge]
type=Bridge
req_size_a=16
req_size_b=16
resp_size_a=16
resp_size_b=16
delay=50000
nack_delay=4000
write_ack=false
fix_partial_write_a=false
fix_partial_write_b=true

[testsys.disk0.image.child]
type=RawDiskImage
image_file=/dist/m5/system/disks/linux-latest.img
read_only=true

[testsys.disk0.image]
type=CowDiskImage
child=testsys.disk0.image.child
image_file=
table_size=65536
read_only=false

[testsys.disk0]
type=IdeDisk
image=testsys.disk0.image
driveID=master
delay=1000000

[testsys.disk2.image.child]
type=RawDiskImage
image_file=/dist/m5/system/disks/linux-bigswap2.img
read_only=true

[testsys.disk2.image]
type=CowDiskImage
child=testsys.disk2.image.child
image_file=
table_size=65536
read_only=false

[testsys.disk2]
type=IdeDisk
image=testsys.disk2.image
driveID=master
delay=1000000

[testsys.simple_disk.disk]
type=RawDiskImage
image_file=/dist/m5/system/disks/linux-latest.img
read_only=true

[testsys.simple_disk]
type=SimpleDisk
system=testsys
disk=testsys.simple_disk.disk

[testsys.tsunami.fake_uart1]
type=IsaFake
pio_addr=8804615848696
pio_latency=1000
pio_size=8
ret_bad_addr=false
update_data=false
warn_access=
ret_data8=255
ret_data16=65535
ret_data32=4294967295
ret_data64=18446744073709551615
platform=testsys.tsunami
system=testsys

[testsys.tsunami.fake_uart2]
type=IsaFake
pio_addr=8804615848936
pio_latency=1000
pio_size=8
ret_bad_addr=false
update_data=false
warn_access=
ret_data8=255
ret_data16=65535
ret_data32=4294967295
ret_data64=18446744073709551615
platform=testsys.tsunami
system=testsys

[testsys.tsunami.fake_uart3]
type=IsaFake
pio_addr=8804615848680
pio_latency=1000
pio_size=8
ret_bad_addr=false
update_data=false
warn_access=
ret_data8=255
ret_data16=65535
ret_data32=4294967295
ret_data64=18446744073709551615
platform=testsys.tsunami
system=testsys

[testsys.tsunami.fake_uart4]
type=IsaFake
pio_addr=8804615848944
pio_latency=1000
pio_size=8
ret_bad_addr=false
update_data=false
warn_access=
ret_data8=255
ret_data16=65535
ret_data32=4294967295
ret_data64=18446744073709551615
platform=testsys.tsunami
system=testsys

[testsys.tsunami.fake_ppc]
type=IsaFake
pio_addr=8804615848891
pio_latency=1000
pio_size=8
ret_bad_addr=false
update_data=false
warn_access=
ret_data8=255
ret_data16=65535
ret_data32=4294967295
ret_data64=18446744073709551615
platform=testsys.tsunami
system=testsys

[testsys.tsunami.cchip]
type=TsunamiCChip
pio_addr=8803072344064
pio_latency=1000
platform=testsys.tsunami
system=testsys
tsunami=testsys.tsunami

[testsys.tsunami.io]
type=TsunamiIO
pio_addr=8804615847936
pio_latency=1000
frequency=976562500
platform=testsys.tsunami
system=testsys
time=2009 1 1 0 0 0 3 1
year_is_bcd=false
tsunami=testsys.tsunami

[]
type=PciConfigAll
pio_latency=1
bus=0
size=16777216
platform=testsys.tsunami
system=testsys

[testsys.sim_console]
type=SimConsole
intr_control=testsys.intrctrl
output=console
port=3456
append_name=true
number=0

[testsys.cpu.itb]
type=AlphaITB
size=48

[testsys.cpu.dtb]
type=AlphaDTB
size=64

[testsys.cpu]
type=AtomicSimpleCPU
max_insts_any_thread=0
max_insts_all_threads=0
max_loads_any_thread=0
max_loads_all_threads=0
progress_interval=0
system=testsys
cpu_id=0
itb=testsys.cpu.itb
dtb=testsys.cpu.dtb
profile=0
do_quiesce=true
do_checkpoint_insts=true
do_statistics_insts=true
clock=1
phase=0
defer_registration=false
width=1
function_trace=false
function_trace_start=0
simulate_stalls=false

[testsys.tsunami.console]
type=AlphaConsole
sim_console=testsys.sim_console
disk=testsys.simple_disk
pio_addr=8804682956800
system=testsys
cpu=testsys.cpu
platform=testsys.tsunami
pio_latency=1000

[testsys.tsunami.fake_ata1]
type=IsaFake
pio_addr=8804615848304
pio_latency=1000
pio_size=8
ret_bad_addr=false
update_data=false
warn_access=
ret_data8=255
ret_data16=65535
ret_data32=4294967295
ret_data64=18446744073709551615
platform=testsys.tsunami
system=testsys

[testsys.tsunami.fake_ata0]
type=IsaFake
pio_addr=8804615848432
pio_latency=1000
pio_size=8
ret_bad_addr=false
update_data=false
warn_access=
ret_data8=255
ret_data16=65535
ret_data32=4294967295
ret_data64=18446744073709551615
platform=testsys.tsunami
system=testsys

[testsys.tsunami.pchip]
type=TsunamiPChip
pio_addr=8802535473152
pio_latency=1000
platform=testsys.tsunami
system=testsys
tsunami=testsys.tsunami

[testsys.tsunami.fake_pnp_read3]
type=IsaFake
pio_addr=8804615848643
pio_latency=1000
pio_size=8
ret_bad_addr=false
update_data=false
warn_access=
ret_data8=255
ret_data16=65535
ret_data32=4294967295
ret_data64=18446744073709551615
platform=testsys.tsunami
system=testsys

[testsys.tsunami.fake_pnp_read2]
type=IsaFake
pio_addr=8804615848579
pio_latency=1000
pio_size=8
ret_bad_addr=false
update_data=false
warn_access=
ret_data8=255
ret_data16=65535
ret_data32=4294967295
ret_data64=18446744073709551615
platform=testsys.tsunami
system=testsys

[testsys.tsunami.fake_pnp_read1]
type=IsaFake
pio_addr=8804615848515
pio_latency=1000
pio_size=8
ret_bad_addr=false
update_data=false
warn_access=
ret_data8=255
ret_data16=65535
ret_data32=4294967295
ret_data64=18446744073709551615
platform=testsys.tsunami
system=testsys

[testsys.tsunami.fake_pnp_read0]
type=IsaFake
pio_addr=8804615848451
pio_latency=1000
pio_size=8
ret_bad_addr=false
update_data=false
warn_access=
ret_data8=255
ret_data16=65535
ret_data32=4294967295
ret_data64=18446744073709551615
platform=testsys.tsunami
system=testsys

[testsys.tsunami.fake_pnp_read7]
type=IsaFake
pio_addr=8804615848899
pio_latency=1000
pio_size=8
ret_bad_addr=false
update_data=false
warn_access=
ret_data8=255
ret_data16=65535
ret_data32=4294967295
ret_data64=18446744073709551615
platform=testsys.tsunami
system=testsys

[testsys.tsunami.fake_pnp_read6]
type=IsaFake
pio_addr=8804615848835
pio_latency=1000
pio_size=8
ret_bad_addr=false
update_data=false
warn_access=
ret_data8=255
ret_data16=65535
ret_data32=4294967295
ret_data64=18446744073709551615
platform=testsys.tsunami
system=testsys

[testsys.tsunami.fake_pnp_read5]
type=IsaFake
pio_addr=8804615848771
pio_latency=1000
pio_size=8
ret_bad_addr=false
update_data=false
warn_access=
ret_data8=255
ret_data16=65535
ret_data32=4294967295
ret_data64=18446744073709551615
platform=testsys.tsunami
system=testsys

[testsys.tsunami.fake_pnp_read4]
type=IsaFake
pio_addr=8804615848707
pio_latency=1000
pio_size=8
ret_bad_addr=false
update_data=false
warn_access=
ret_data8=255
ret_data16=65535
ret_data32=4294967295
ret_data64=18446744073709551615
platform=testsys.tsunami
system=testsys

[testsys.tsunami.fake_pnp_write]
type=IsaFake
pio_addr=8804615850617
pio_latency=1000
pio_size=8
ret_bad_addr=false
update_data=false
warn_access=
ret_data8=255
ret_data16=65535
ret_data32=4294967295
ret_data64=18446744073709551615
platform=testsys.tsunami
system=testsys

[testsys.tsunami.fb]
type=BadDevice
devicename=FrameBuffer
pio_addr=8804615848912
system=testsys
platform=testsys.tsunami
pio_latency=1000

[testsys.tsunami.ethernet.configdata]
type=PciConfigData
VendorID=4107
DeviceID=34
Command=0
Status=656
Revision=0
ProgIF=0
SubClassCode=0
ClassCode=2
CacheLineSize=0
LatencyTimer=0
HeaderType=0
BIST=0
BAR0=1
BAR1=0
BAR2=0
BAR3=0
BAR4=0
BAR5=0
CardbusCIS=0
SubsystemVendorID=0
SubsystemID=0
ExpansionROM=0
InterruptLine=30
InterruptPin=1
MinimumGrant=176
MaximumLatency=52
BAR0Size=256
BAR1Size=4096
BAR2Size=0
BAR3Size=0
BAR4Size=0
BAR5Size=0

[testsys.tsunami.ethernet]
type=NSGigE
system=testsys
platform=testsys.tsunami
min_backoff_delay=4000
max_backoff_delay=10000000
configdata=testsys.tsunami.ethernet.configdata
pci_bus=0
pci_dev=1
pci_func=0
pio_latency=1000
config_latency=20000
clock=0
dma_desc_free=false
dma_data_free=false
dma_read_delay=0
dma_write_delay=0
dma_read_factor=0
dma_write_factor=0
dma_no_allocate=true
intr_delay=10000000
rx_delay=1000000
tx_delay=1000000
rx_fifo_size=524288
tx_fifo_size=524288
rx_filter=true
hardware_address=00:90:00:00:00:02
rx_thread=false
tx_thread=false
rss=false

[testsys.tsunami.etherint]
type=NSGigEInt
peer=null
device=testsys.tsunami.ethernet

[testsys.tsunami.fake_OROM]
type=IsaFake
pio_addr=8796093677568
pio_latency=1000
pio_size=393216
ret_bad_addr=false
update_data=false
warn_access=
ret_data8=255
ret_data16=65535
ret_data32=4294967295
ret_data64=18446744073709551615
platform=testsys.tsunami
system=testsys

[testsys.tsunami.uart]
type=Uart8250
pio_addr=8804615848952
pio_latency=1000
platform=testsys.tsunami
sim_console=testsys.sim_console
system=testsys

[testsys.tsunami.fake_sm_chip]
type=IsaFake
pio_addr=8804615848816
pio_latency=1000
pio_size=8
ret_bad_addr=false
update_data=false
warn_access=
ret_data8=255
ret_data16=65535
ret_data32=4294967295
ret_data64=18446744073709551615
platform=testsys.tsunami
system=testsys

[testsys.tsunami.fake_pnp_addr]
type=IsaFake
pio_addr=8804615848569
pio_latency=1000
pio_size=8
ret_bad_addr=false
update_data=false
warn_access=
ret_data8=255
ret_data16=65535
ret_data32=4294967295
ret_data64=18446744073709551615
platform=testsys.tsunami
system=testsys

[testsys.tsunami.ide.configdata]
type=PciConfigData
VendorID=32902
DeviceID=28945
Command=0
Status=640
Revision=0
ProgIF=133
SubClassCode=1
ClassCode=1
CacheLineSize=0
LatencyTimer=0
HeaderType=0
BIST=0
BAR0=1
BAR1=1
BAR2=1
BAR3=1
BAR4=1
BAR5=1
CardbusCIS=0
SubsystemVendorID=0
SubsystemID=0
ExpansionROM=0
InterruptLine=31
InterruptPin=1
MinimumGrant=0
MaximumLatency=0
BAR0Size=8
BAR1Size=4
BAR2Size=8
BAR3Size=4
BAR4Size=16
BAR5Size=0

[testsys.tsunami.ide]
type=IdeController
system=testsys
platform=testsys.tsunami
min_backoff_delay=4000
max_backoff_delay=10000000
configdata=testsys.tsunami.ide.configdata
pci_bus=0
pci_dev=0
pci_func=0
pio_latency=1000
config_latency=20000
disks=testsys.disk0 testsys.disk2

[testsys.iobus]
type=Bus
bus_id=0
clock=1000
width=64
responder_set=true
block_size=64

[drivesys.physmem]
type=PhysicalMemory
file=
range=[0,134217727]
latency=1
zero=false

[drivesys]
type=LinuxAlphaSystem
boot_cpu_frequency=1
physmem=drivesys.physmem
mem_mode=atomic
kernel=/dist/m5/system/binaries/vmlinux
console=/dist/m5/system/binaries/console
pal=/dist/m5/system/binaries/ts_osfpal
boot_osflags=root=/dev/hda1 console=ttyS0
readfile=/tmp/newmem/configs/boot/netperf-server.rcS
symbolfile=
init_param=0
system_type=34
system_rev=1024

[drivesys.intrctrl]
type=IntrControl
sys=drivesys

[drivesys.tsunami]
type=Tsunami
system=drivesys
intrctrl=drivesys.intrctrl

[drivesys.tsunami.ethernet.configdata]
type=PciConfigData
VendorID=4107
DeviceID=34
Command=0
Status=656
Revision=0
ProgIF=0
SubClassCode=0
ClassCode=2
CacheLineSize=0
LatencyTimer=0
HeaderType=0
BIST=0
BAR0=1
BAR1=0
BAR2=0
BAR3=0
BAR4=0
BAR5=0
CardbusCIS=0
SubsystemVendorID=0
SubsystemID=0
ExpansionROM=0
InterruptLine=30
InterruptPin=1
MinimumGrant=176
MaximumLatency=52
BAR0Size=256
BAR1Size=4096
BAR2Size=0
BAR3Size=0
BAR4Size=0
BAR5Size=0

[drivesys.tsunami.ethernet]
type=NSGigE
system=drivesys
platform=drivesys.tsunami
min_backoff_delay=4000
max_backoff_delay=10000000
configdata=drivesys.tsunami.ethernet.configdata
pci_bus=0
pci_dev=1
pci_func=0
pio_latency=1000
config_latency=20000
clock=0
dma_desc_free=false
dma_data_free=false
dma_read_delay=0
dma_write_delay=0
dma_read_factor=0
dma_write_factor=0
dma_no_allocate=true
intr_delay=10000000
rx_delay=1000000
tx_delay=1000000
rx_fifo_size=524288
tx_fifo_size=524288
rx_filter=true
hardware_address=00:90:00:00:00:01
rx_thread=false
tx_thread=false
rss=false

[drivesys.tsunami.etherint]
type=NSGigEInt
peer=null
device=drivesys.tsunami.ethernet

[etherdump]
type=EtherDump
file=ethertrace
maxlen=96

[etherlink]
type=EtherLink
int1=testsys.tsunami.etherint
int2=drivesys.tsunami.etherint
speed=8000
delay=0
delay_var=0
dump=etherdump

[drivesys.membus]
type=Bus
bus_id=1
clock=1000
width=64
responder_set=false
block_size=64

[drivesys.membus.responder]
type=IsaFake
pio_addr=0
pio_latency=1
pio_size=8
ret_bad_addr=true
update_data=false
warn_access=
ret_data8=255
ret_data16=65535
ret_data32=4294967295
ret_data64=18446744073709551615
platform=drivesys.tsunami
system=drivesys

[drivesys.bridge]
type=Bridge
req_size_a=16
req_size_b=16
resp_size_a=16
resp_size_b=16
delay=50000
nack_delay=4000
write_ack=false
fix_partial_write_a=false
fix_partial_write_b=true

[drivesys.disk0.image.child]
type=RawDiskImage
image_file=/dist/m5/system/disks/linux-latest.img
read_only=true

[drivesys.disk0.image]
type=CowDiskImage
child=drivesys.disk0.image.child
image_file=
table_size=65536
read_only=false

[drivesys.disk0]
type=IdeDisk
image=drivesys.disk0.image
driveID=master
delay=1000000

[drivesys.disk2.image.child]
type=RawDiskImage
image_file=/dist/m5/system/disks/linux-bigswap2.img
read_only=true

[drivesys.disk2.image]
type=CowDiskImage
child=drivesys.disk2.image.child
image_file=
table_size=65536
read_only=false

[drivesys.disk2]
type=IdeDisk
image=drivesys.disk2.image
driveID=master
delay=1000000

[drivesys.simple_disk.disk]
type=RawDiskImage
image_file=/dist/m5/system/disks/linux-latest.img
read_only=true

[drivesys.simple_disk]
type=SimpleDisk
system=drivesys
disk=drivesys.simple_disk.disk

[drivesys.tsunami.fake_uart1]
type=IsaFake
pio_addr=8804615848696
pio_latency=1000
pio_size=8
ret_bad_addr=false
update_data=false
warn_access=
ret_data8=255
ret_data16=65535
ret_data32=4294967295
ret_data64=18446744073709551615
platform=drivesys.tsunami
system=drivesys

[drivesys.tsunami.fake_uart2]
type=IsaFake
pio_addr=8804615848936
pio_latency=1000
pio_size=8
ret_bad_addr=false
update_data=false
warn_access=
ret_data8=255
ret_data16=65535
ret_data32=4294967295
ret_data64=18446744073709551615
platform=drivesys.tsunami
system=drivesys

[drivesys.tsunami.fake_uart3]
type=IsaFake
pio_addr=8804615848680
pio_latency=1000
pio_size=8
ret_bad_addr=false
update_data=false
warn_access=
ret_data8=255
ret_data16=65535
ret_data32=4294967295
ret_data64=18446744073709551615
platform=drivesys.tsunami
system=drivesys

[drivesys.tsunami.fake_uart4]
type=IsaFake
pio_addr=8804615848944
pio_latency=1000
pio_size=8
ret_bad_addr=false
update_data=false
warn_access=
ret_data8=255
ret_data16=65535
ret_data32=4294967295
ret_data64=18446744073709551615
platform=drivesys.tsunami
system=drivesys

[drivesys.tsunami.fake_ppc]
type=IsaFake
pio_addr=8804615848891
pio_latency=1000
pio_size=8
ret_bad_addr=false
update_data=false
warn_access=
ret_data8=255
ret_data16=65535
ret_data32=4294967295
ret_data64=18446744073709551615
platform=drivesys.tsunami
system=drivesys

[drivesys.tsunami.cchip]
type=TsunamiCChip
pio_addr=8803072344064
pio_latency=1000
platform=drivesys.tsunami
system=drivesys
tsunami=drivesys.tsunami

[drivesys.tsunami.io]
type=TsunamiIO
pio_addr=8804615847936
pio_latency=1000
frequency=976562500
platform=drivesys.tsunami
system=drivesys
time=2009 1 1 0 0 0 3 1
year_is_bcd=false
tsunami=drivesys.tsunami

[]
type=PciConfigAll
pio_latency=1
bus=0
size=16777216
platform=drivesys.tsunami
system=drivesys

[drivesys.sim_console]
type=SimConsole
intr_control=drivesys.intrctrl
output=console
port=3456
append_name=true
number=0

[drivesys.cpu.itb]
type=AlphaITB
size=48

[drivesys.cpu.dtb]
type=AlphaDTB
size=64

[drivesys.cpu]
type=AtomicSimpleCPU
max_insts_any_thread=0
max_insts_all_threads=0
max_loads_any_thread=0
max_loads_all_threads=0
progress_interval=0
system=drivesys
cpu_id=0
itb=drivesys.cpu.itb
dtb=drivesys.cpu.dtb
profile=0
do_quiesce=true
do_checkpoint_insts=true
do_statistics_insts=true
clock=1
phase=0
defer_registration=false
width=1
function_trace=false
function_trace_start=0
simulate_stalls=false

[drivesys.tsunami.console]
type=AlphaConsole
sim_console=drivesys.sim_console
disk=drivesys.simple_disk
pio_addr=8804682956800
system=drivesys
cpu=drivesys.cpu
platform=drivesys.tsunami
pio_latency=1000

[drivesys.tsunami.fake_ata1]
type=IsaFake
pio_addr=8804615848304
pio_latency=1000
pio_size=8
ret_bad_addr=false
update_data=false
warn_access=
ret_data8=255
ret_data16=65535
ret_data32=4294967295
ret_data64=18446744073709551615
platform=drivesys.tsunami
system=drivesys

[drivesys.tsunami.fake_ata0]
type=IsaFake
pio_addr=8804615848432
pio_latency=1000
pio_size=8
ret_bad_addr=false
update_data=false
warn_access=
ret_data8=255
ret_data16=65535
ret_data32=4294967295
ret_data64=18446744073709551615
platform=drivesys.tsunami
system=drivesys

[drivesys.tsunami.pchip]
type=TsunamiPChip
pio_addr=8802535473152
pio_latency=1000
platform=drivesys.tsunami
system=drivesys
tsunami=drivesys.tsunami

[drivesys.tsunami.fake_pnp_read3]
type=IsaFake
pio_addr=8804615848643
pio_latency=1000
pio_size=8
ret_bad_addr=false
update_data=false
warn_access=
ret_data8=255
ret_data16=65535
ret_data32=4294967295
ret_data64=18446744073709551615
platform=drivesys.tsunami
system=drivesys

[drivesys.tsunami.fake_pnp_read2]
type=IsaFake
pio_addr=8804615848579
pio_latency=1000
pio_size=8
ret_bad_addr=false
update_data=false
warn_access=
ret_data8=255
ret_data16=65535
ret_data32=4294967295
ret_data64=18446744073709551615
platform=drivesys.tsunami
system=drivesys

[drivesys.tsunami.fake_pnp_read1]
type=IsaFake
pio_addr=8804615848515
pio_latency=1000
pio_size=8
ret_bad_addr=false
update_data=false
warn_access=
ret_data8=255
ret_data16=65535
ret_data32=4294967295
ret_data64=18446744073709551615
platform=drivesys.tsunami
system=drivesys

[drivesys.tsunami.fake_pnp_read0]
type=IsaFake
pio_addr=8804615848451
pio_latency=1000
pio_size=8
ret_bad_addr=false
update_data=false
warn_access=
ret_data8=255
ret_data16=65535
ret_data32=4294967295
ret_data64=18446744073709551615
platform=drivesys.tsunami
system=drivesys

[drivesys.tsunami.fake_pnp_read7]
type=IsaFake
pio_addr=8804615848899
pio_latency=1000
pio_size=8
ret_bad_addr=false
update_data=false
warn_access=
ret_data8=255
ret_data16=65535
ret_data32=4294967295
ret_data64=18446744073709551615
platform=drivesys.tsunami
system=drivesys

[drivesys.tsunami.fake_pnp_read6]
type=IsaFake
pio_addr=8804615848835
pio_latency=1000
pio_size=8
ret_bad_addr=false
update_data=false
warn_access=
ret_data8=255
ret_data16=65535
ret_data32=4294967295
ret_data64=18446744073709551615
platform=drivesys.tsunami
system=drivesys

[drivesys.tsunami.fake_pnp_read5]
type=IsaFake
pio_addr=8804615848771
pio_latency=1000
pio_size=8
ret_bad_addr=false
update_data=false
warn_access=
ret_data8=255
ret_data16=65535
ret_data32=4294967295
ret_data64=18446744073709551615
platform=drivesys.tsunami
system=drivesys

[drivesys.tsunami.fake_pnp_read4]
type=IsaFake
pio_addr=8804615848707
pio_latency=1000
pio_size=8
ret_bad_addr=false
update_data=false
warn_access=
ret_data8=255
ret_data16=65535
ret_data32=4294967295
ret_data64=18446744073709551615
platform=drivesys.tsunami
system=drivesys

[drivesys.tsunami.fake_pnp_write]
type=IsaFake
pio_addr=8804615850617
pio_latency=1000
pio_size=8
ret_bad_addr=false
update_data=false
warn_access=
ret_data8=255
ret_data16=65535
ret_data32=4294967295
ret_data64=18446744073709551615
platform=drivesys.tsunami
system=drivesys

[drivesys.tsunami.fb]
type=BadDevice
devicename=FrameBuffer
pio_addr=8804615848912
system=drivesys
platform=drivesys.tsunami
pio_latency=1000

[drivesys.tsunami.fake_OROM]
type=IsaFake
pio_addr=8796093677568
pio_latency=1000
pio_size=393216
ret_bad_addr=false
update_data=false
warn_access=
ret_data8=255
ret_data16=65535
ret_data32=4294967295
ret_data64=18446744073709551615
platform=drivesys.tsunami
system=drivesys

[drivesys.tsunami.uart]
type=Uart8250
pio_addr=8804615848952
pio_latency=1000
platform=drivesys.tsunami
sim_console=drivesys.sim_console
system=drivesys

[drivesys.tsunami.fake_sm_chip]
type=IsaFake
pio_addr=8804615848816
pio_latency=1000
pio_size=8
ret_bad_addr=false
update_data=false
warn_access=
ret_data8=255
ret_data16=65535
ret_data32=4294967295
ret_data64=18446744073709551615
platform=drivesys.tsunami
system=drivesys

[drivesys.tsunami.fake_pnp_addr]
type=IsaFake
pio_addr=8804615848569
pio_latency=1000
pio_size=8
ret_bad_addr=false
update_data=false
warn_access=
ret_data8=255
ret_data16=65535
ret_data32=4294967295
ret_data64=18446744073709551615
platform=drivesys.tsunami
system=drivesys

[drivesys.tsunami.ide.configdata]
type=PciConfigData
VendorID=32902
DeviceID=28945
Command=0
Status=640
Revision=0
ProgIF=133
SubClassCode=1
ClassCode=1
CacheLineSize=0
LatencyTimer=0
HeaderType=0
BIST=0
BAR0=1
BAR1=1
BAR2=1
BAR3=1
BAR4=1
BAR5=1
CardbusCIS=0
SubsystemVendorID=0
SubsystemID=0
ExpansionROM=0
InterruptLine=31
InterruptPin=1
MinimumGrant=0
MaximumLatency=0
BAR0Size=8
BAR1Size=4
BAR2Size=8
BAR3Size=4
BAR4Size=16
BAR5Size=0

[drivesys.tsunami.ide]
type=IdeController
system=drivesys
platform=drivesys.tsunami
min_backoff_delay=4000
max_backoff_delay=10000000
configdata=drivesys.tsunami.ide.configdata
pci_bus=0
pci_dev=0
pci_func=0
pio_latency=1000
config_latency=20000
disks=drivesys.disk0 drivesys.disk2

[drivesys.iobus]
type=Bus
bus_id=0
clock=1000
width=64
responder_set=true
block_size=64

