[root]
type=Root
clock=2000000000
max_tick=0
progress_interval=0
output_file=cout

[system.physmem]
type=PhysicalMemory
file=
range=[1048576,68157439]
latency=1
zero=true

[system.rom]
type=PhysicalMemory
file=
range=[1099243192320,1099251580927]
latency=1
zero=false

[system.nvram]
type=PhysicalMemory
file=
range=[133429198848,133429207039]
latency=1
zero=false

[system.hypervisor_desc]
type=PhysicalMemory
file=
range=[133446500352,133446508543]
latency=1
zero=false

[system.partition_desc]
type=PhysicalMemory
file=
range=[133445976064,133445984255]
latency=1
zero=false

[system]
type=SparcSystem
physmem=system.physmem
rom=system.rom
nvram=system.nvram
hypervisor_desc=system.hypervisor_desc
partition_desc=system.partition_desc
mem_mode=atomic
reset_addr=1099243192320
hypervisor_addr=1099243257856
openboot_addr=1099243716608
nvram_addr=133429198848
hypervisor_desc_addr=133446500352
partition_desc_addr=133445976064
kernel=
reset_bin=/dist/m5/system/binaries/reset_new.bin
hypervisor_bin=/dist/m5/system/binaries/q_new.bin
openboot_bin=/dist/m5/system/binaries/openboot_new.bin
nvram_bin=/dist/m5/system/binaries/nvram1
hypervisor_desc_bin=/dist/m5/system/binaries/1up-hv.bin
partition_desc_bin=/dist/m5/system/binaries/1up-md.bin
boot_cpu_frequency=1
boot_osflags=a
readfile=tests/halt.sh
init_param=0

[system.membus]
type=Bus
bus_id=1
clock=2
width=64
responder_set=false

[system.intrctrl]
type=IntrControl
sys=system

[system.t1000]
type=T1000
system=system
intrctrl=system.intrctrl

[system.membus.responder]
type=IsaFake
pio_addr=0
pio_latency=0
pio_size=8
ret_bad_addr=true
update_data=false
warn_access=
ret_data8=255
ret_data16=65535
ret_data32=4294967295
ret_data64=18446744073709551615
platform=system.t1000
system=system

[system.physmem2]
type=PhysicalMemory
file=
range=[2147483648,2415919103]
latency=1
zero=true

[system.bridge]
type=Bridge
queue_size_a=16
queue_size_b=16
delay=0
write_ack=false

[system.disk0.image.child]
type=RawDiskImage
image_file=/dist/m5/system/disks/disk.s10hw2
read_only=true

[system.disk0.image]
type=CowDiskImage
child=system.disk0.image.child
image_file=
table_size=65536
read_only=false

[system.disk0]
type=MmDisk
pio_addr=134217728000
pio_latency=2
// pio_size not specified
platform=system.t1000
system=system
image=system.disk0.image

[system.t1000.hconsole]
type=SimConsole
intr_control=system.intrctrl
output=console
port=3456
append_name=true
number=0

[system.t1000.hvuart]
type=Uart8250
pio_addr=1099255955456
pio_latency=2
platform=system.t1000
sim_console=system.t1000.hconsole
system=system

[system.t1000.htod]
type=DumbTOD
pio_addr=1099255906296
pio_latency=2
platform=system.t1000
system=system
time=2009 1 1 0 0 0 3 1

[system.t1000.pconsole]
type=SimConsole
intr_control=system.intrctrl
output=console
port=3456
append_name=true
number=0

[system.t1000.puart0]
type=Uart8250
pio_addr=133412421632
pio_latency=2
platform=system.t1000
sim_console=system.t1000.pconsole
system=system

[system.t1000.fake_membnks]
type=IsaFake
pio_addr=648540061696
pio_latency=2
pio_size=16384
ret_bad_addr=false
update_data=false
warn_access=
ret_data8=255
ret_data16=65535
ret_data32=4294967295
ret_data64=0
platform=system.t1000
system=system

[system.t1000.fake_ssi]
type=IsaFake
pio_addr=1095216660480
pio_latency=2
pio_size=268435456
ret_bad_addr=false
update_data=false
warn_access=
ret_data8=255
ret_data16=65535
ret_data32=4294967295
ret_data64=18446744073709551615
platform=system.t1000
system=system

[system.t1000.fake_l2_4]
type=IsaFake
pio_addr=725849473216
pio_latency=2
pio_size=8
ret_bad_addr=false
update_data=true
warn_access=
ret_data8=255
ret_data16=65535
ret_data32=4294967295
ret_data64=1
platform=system.t1000
system=system

[system.t1000.fake_l2_1]
type=IsaFake
pio_addr=725849473024
pio_latency=2
pio_size=8
ret_bad_addr=false
update_data=true
warn_access=
ret_data8=255
ret_data16=65535
ret_data32=4294967295
ret_data64=1
platform=system.t1000
system=system

[system.t1000.fake_l2_2]
type=IsaFake
pio_addr=725849473088
pio_latency=2
pio_size=8
ret_bad_addr=false
update_data=true
warn_access=
ret_data8=255
ret_data16=65535
ret_data32=4294967295
ret_data64=1
platform=system.t1000
system=system

[system.t1000.fake_l2_3]
type=IsaFake
pio_addr=725849473152
pio_latency=2
pio_size=8
ret_bad_addr=false
update_data=true
warn_access=
ret_data8=255
ret_data16=65535
ret_data32=4294967295
ret_data64=1
platform=system.t1000
system=system

[system.t1000.fake_l2esr_3]
type=IsaFake
pio_addr=734439407744
pio_latency=2
pio_size=8
ret_bad_addr=false
update_data=true
warn_access=
ret_data8=255
ret_data16=65535
ret_data32=4294967295
ret_data64=0
platform=system.t1000
system=system

[system.t1000.fake_l2esr_2]
type=IsaFake
pio_addr=734439407680
pio_latency=2
pio_size=8
ret_bad_addr=false
update_data=true
warn_access=
ret_data8=255
ret_data16=65535
ret_data32=4294967295
ret_data64=0
platform=system.t1000
system=system

[system.t1000.fake_l2esr_1]
type=IsaFake
pio_addr=734439407616
pio_latency=2
pio_size=8
ret_bad_addr=false
update_data=true
warn_access=
ret_data8=255
ret_data16=65535
ret_data32=4294967295
ret_data64=0
platform=system.t1000
system=system

[system.t1000.fake_l2esr_4]
type=IsaFake
pio_addr=734439407808
pio_latency=2
pio_size=8
ret_bad_addr=false
update_data=true
warn_access=
ret_data8=255
ret_data16=65535
ret_data32=4294967295
ret_data64=0
platform=system.t1000
system=system

[system.t1000.iob]
type=Iob
pio_latency=2
platform=system.t1000
system=system

[system.t1000.fake_clk]
type=IsaFake
pio_addr=644245094400
pio_latency=2
pio_size=4294967296
ret_bad_addr=false
update_data=false
warn_access=
ret_data8=255
ret_data16=65535
ret_data32=4294967295
ret_data64=18446744073709551615
platform=system.t1000
system=system

[system.t1000.fake_jbi]
type=IsaFake
pio_addr=549755813888
pio_latency=2
pio_size=4294967296
ret_bad_addr=false
update_data=false
warn_access=
ret_data8=255
ret_data16=65535
ret_data32=4294967295
ret_data64=18446744073709551615
platform=system.t1000
system=system

[system.iobus]
type=Bus
bus_id=0
clock=2
width=64
responder_set=false

[system.iobus.responder]
type=IsaFake
pio_addr=0
pio_latency=0
pio_size=8
ret_bad_addr=true
update_data=false
warn_access=
ret_data8=255
ret_data16=65535
ret_data32=4294967295
ret_data64=18446744073709551615
platform=system.t1000
system=system

[system.cpu.itb]
type=SparcITB
size=64

[system.cpu.dtb]
type=SparcDTB
size=64

[system.cpu]
type=AtomicSimpleCPU
max_insts_any_thread=0
max_insts_all_threads=0
max_loads_any_thread=0
max_loads_all_threads=0
progress_interval=0
system=system
cpu_id=0
itb=system.cpu.itb
dtb=system.cpu.dtb
profile=0
do_quiesce=true
do_checkpoint_insts=true
do_statistics_insts=true
clock=1
phase=0
defer_registration=false
width=1
function_trace=false
function_trace_start=0
simulate_stalls=false

