[root]
type=Root
dummy=0

[system.physmem]
type=PhysicalMemory
file=
range=[0,134217727]
latency=1
zero=false

[system]
type=System
physmem=system.physmem
mem_mode=timing

[system.membus]
type=Bus
bus_id=0
clock=2
width=16
responder_set=false
block_size=64

[system.l2c]
type=BaseCache
size=65536
assoc=8
block_size=64
latency=10000
mshrs=92
tgts_per_mshr=16
write_buffers=8
prioritizeRequests=false
protocol=null
trace_addr=0
hash_delay=1
repl=null
compressed_bus=false
store_compressed=false
adaptive_compression=false
compression_latency=0
block_size=64
max_miss_count=0
addr_range=[0,18446744073709551615]
split=false
split_size=0
lifo=false
two_queue=false
prefetch_miss=false
prefetch_access=false
prefetcher_size=100
prefetch_past_page=false
prefetch_serial_squash=false
prefetch_latency=100000
prefetch_degree=1
prefetch_policy=none
prefetch_cache_check_push=true
prefetch_use_cpu_id=true
prefetch_data_accesses_only=false

[system.cpu6]
type=MemTest
memory_size=65536
percent_reads=65
percent_functional=50
percent_uncacheable=10
progress_interval=10000
percent_source_unaligned=50
percent_dest_unaligned=50
trace_addr=0
max_loads=100000
atomic=false

[system.cpu6.l1c.protocol]
type=CoherenceProtocol
protocol=moesi
do_upgrades=true

[system.cpu6.l1c]
type=BaseCache
size=32768
assoc=4
block_size=64
latency=1000
mshrs=12
tgts_per_mshr=8
write_buffers=8
prioritizeRequests=false
protocol=system.cpu6.l1c.protocol
trace_addr=0
hash_delay=1
repl=null
compressed_bus=false
store_compressed=false
adaptive_compression=false
compression_latency=0
block_size=64
max_miss_count=0
addr_range=[0,18446744073709551615]
split=false
split_size=0
lifo=false
two_queue=false
prefetch_miss=false
prefetch_access=false
prefetcher_size=100
prefetch_past_page=false
prefetch_serial_squash=false
prefetch_latency=10000
prefetch_degree=1
prefetch_policy=none
prefetch_cache_check_push=true
prefetch_use_cpu_id=true
prefetch_data_accesses_only=false

[system.cpu4]
type=MemTest
memory_size=65536
percent_reads=65
percent_functional=50
percent_uncacheable=10
progress_interval=10000
percent_source_unaligned=50
percent_dest_unaligned=50
trace_addr=0
max_loads=100000
atomic=false

[system.cpu4.l1c.protocol]
type=CoherenceProtocol
protocol=moesi
do_upgrades=true

[system.cpu4.l1c]
type=BaseCache
size=32768
assoc=4
block_size=64
latency=1000
mshrs=12
tgts_per_mshr=8
write_buffers=8
prioritizeRequests=false
protocol=system.cpu4.l1c.protocol
trace_addr=0
hash_delay=1
repl=null
compressed_bus=false
store_compressed=false
adaptive_compression=false
compression_latency=0
block_size=64
max_miss_count=0
addr_range=[0,18446744073709551615]
split=false
split_size=0
lifo=false
two_queue=false
prefetch_miss=false
prefetch_access=false
prefetcher_size=100
prefetch_past_page=false
prefetch_serial_squash=false
prefetch_latency=10000
prefetch_degree=1
prefetch_policy=none
prefetch_cache_check_push=true
prefetch_use_cpu_id=true
prefetch_data_accesses_only=false

[system.cpu5]
type=MemTest
memory_size=65536
percent_reads=65
percent_functional=50
percent_uncacheable=10
progress_interval=10000
percent_source_unaligned=50
percent_dest_unaligned=50
trace_addr=0
max_loads=100000
atomic=false

[system.cpu5.l1c.protocol]
type=CoherenceProtocol
protocol=moesi
do_upgrades=true

[system.cpu5.l1c]
type=BaseCache
size=32768
assoc=4
block_size=64
latency=1000
mshrs=12
tgts_per_mshr=8
write_buffers=8
prioritizeRequests=false
protocol=system.cpu5.l1c.protocol
trace_addr=0
hash_delay=1
repl=null
compressed_bus=false
store_compressed=false
adaptive_compression=false
compression_latency=0
block_size=64
max_miss_count=0
addr_range=[0,18446744073709551615]
split=false
split_size=0
lifo=false
two_queue=false
prefetch_miss=false
prefetch_access=false
prefetcher_size=100
prefetch_past_page=false
prefetch_serial_squash=false
prefetch_latency=10000
prefetch_degree=1
prefetch_policy=none
prefetch_cache_check_push=true
prefetch_use_cpu_id=true
prefetch_data_accesses_only=false

[system.cpu2]
type=MemTest
memory_size=65536
percent_reads=65
percent_functional=50
percent_uncacheable=10
progress_interval=10000
percent_source_unaligned=50
percent_dest_unaligned=50
trace_addr=0
max_loads=100000
atomic=false

[system.cpu2.l1c.protocol]
type=CoherenceProtocol
protocol=moesi
do_upgrades=true

[system.cpu2.l1c]
type=BaseCache
size=32768
assoc=4
block_size=64
latency=1000
mshrs=12
tgts_per_mshr=8
write_buffers=8
prioritizeRequests=false
protocol=system.cpu2.l1c.protocol
trace_addr=0
hash_delay=1
repl=null
compressed_bus=false
store_compressed=false
adaptive_compression=false
compression_latency=0
block_size=64
max_miss_count=0
addr_range=[0,18446744073709551615]
split=false
split_size=0
lifo=false
two_queue=false
prefetch_miss=false
prefetch_access=false
prefetcher_size=100
prefetch_past_page=false
prefetch_serial_squash=false
prefetch_latency=10000
prefetch_degree=1
prefetch_policy=none
prefetch_cache_check_push=true
prefetch_use_cpu_id=true
prefetch_data_accesses_only=false

[system.cpu3]
type=MemTest
memory_size=65536
percent_reads=65
percent_functional=50
percent_uncacheable=10
progress_interval=10000
percent_source_unaligned=50
percent_dest_unaligned=50
trace_addr=0
max_loads=100000
atomic=false

[system.cpu3.l1c.protocol]
type=CoherenceProtocol
protocol=moesi
do_upgrades=true

[system.cpu3.l1c]
type=BaseCache
size=32768
assoc=4
block_size=64
latency=1000
mshrs=12
tgts_per_mshr=8
write_buffers=8
prioritizeRequests=false
protocol=system.cpu3.l1c.protocol
trace_addr=0
hash_delay=1
repl=null
compressed_bus=false
store_compressed=false
adaptive_compression=false
compression_latency=0
block_size=64
max_miss_count=0
addr_range=[0,18446744073709551615]
split=false
split_size=0
lifo=false
two_queue=false
prefetch_miss=false
prefetch_access=false
prefetcher_size=100
prefetch_past_page=false
prefetch_serial_squash=false
prefetch_latency=10000
prefetch_degree=1
prefetch_policy=none
prefetch_cache_check_push=true
prefetch_use_cpu_id=true
prefetch_data_accesses_only=false

[system.cpu0]
type=MemTest
memory_size=65536
percent_reads=65
percent_functional=50
percent_uncacheable=10
progress_interval=10000
percent_source_unaligned=50
percent_dest_unaligned=50
trace_addr=0
max_loads=100000
atomic=false

[system.cpu0.l1c.protocol]
type=CoherenceProtocol
protocol=moesi
do_upgrades=true

[system.cpu0.l1c]
type=BaseCache
size=32768
assoc=4
block_size=64
latency=1000
mshrs=12
tgts_per_mshr=8
write_buffers=8
prioritizeRequests=false
protocol=system.cpu0.l1c.protocol
trace_addr=0
hash_delay=1
repl=null
compressed_bus=false
store_compressed=false
adaptive_compression=false
compression_latency=0
block_size=64
max_miss_count=0
addr_range=[0,18446744073709551615]
split=false
split_size=0
lifo=false
two_queue=false
prefetch_miss=false
prefetch_access=false
prefetcher_size=100
prefetch_past_page=false
prefetch_serial_squash=false
prefetch_latency=10000
prefetch_degree=1
prefetch_policy=none
prefetch_cache_check_push=true
prefetch_use_cpu_id=true
prefetch_data_accesses_only=false

[system.cpu1]
type=MemTest
memory_size=65536
percent_reads=65
percent_functional=50
percent_uncacheable=10
progress_interval=10000
percent_source_unaligned=50
percent_dest_unaligned=50
trace_addr=0
max_loads=100000
atomic=false

[system.cpu1.l1c.protocol]
type=CoherenceProtocol
protocol=moesi
do_upgrades=true

[system.cpu1.l1c]
type=BaseCache
size=32768
assoc=4
block_size=64
latency=1000
mshrs=12
tgts_per_mshr=8
write_buffers=8
prioritizeRequests=false
protocol=system.cpu1.l1c.protocol
trace_addr=0
hash_delay=1
repl=null
compressed_bus=false
store_compressed=false
adaptive_compression=false
compression_latency=0
block_size=64
max_miss_count=0
addr_range=[0,18446744073709551615]
split=false
split_size=0
lifo=false
two_queue=false
prefetch_miss=false
prefetch_access=false
prefetcher_size=100
prefetch_past_page=false
prefetch_serial_squash=false
prefetch_latency=10000
prefetch_degree=1
prefetch_policy=none
prefetch_cache_check_push=true
prefetch_use_cpu_id=true
prefetch_data_accesses_only=false

[system.funcmem]
type=PhysicalMemory
file=
range=[0,134217727]
latency=1
zero=false

[system.cpu7]
type=MemTest
memory_size=65536
percent_reads=65
percent_functional=50
percent_uncacheable=10
progress_interval=10000
percent_source_unaligned=50
percent_dest_unaligned=50
trace_addr=0
max_loads=100000
atomic=false

[system.cpu7.l1c.protocol]
type=CoherenceProtocol
protocol=moesi
do_upgrades=true

[system.cpu7.l1c]
type=BaseCache
size=32768
assoc=4
block_size=64
latency=1000
mshrs=12
tgts_per_mshr=8
write_buffers=8
prioritizeRequests=false
protocol=system.cpu7.l1c.protocol
trace_addr=0
hash_delay=1
repl=null
compressed_bus=false
store_compressed=false
adaptive_compression=false
compression_latency=0
block_size=64
max_miss_count=0
addr_range=[0,18446744073709551615]
split=false
split_size=0
lifo=false
two_queue=false
prefetch_miss=false
prefetch_access=false
prefetcher_size=100
prefetch_past_page=false
prefetch_serial_squash=false
prefetch_latency=10000
prefetch_degree=1
prefetch_policy=none
prefetch_cache_check_push=true
prefetch_use_cpu_id=true
prefetch_data_accesses_only=false

[system.toL2Bus]
type=Bus
bus_id=0
clock=2
width=16
responder_set=false
block_size=64

